Microchip MPLAB XC8 Compiler V2.35

Linker command line:

-W-3 --edf=C:\Program Files\Microchip\xc8\v2.35\pic\dat\en_msgs.txt -cn \
  -h+dist/default/production\Lab02.X.production.sym \
  --cmf=dist/default/production\Lab02.X.production.cmf -z -Q16F887 \
  -oC:\Users\USUARIO\AppData\Local\Temp\xcAse48.4 --defsym=__MPLAB_BUILD=1 \
  -Mdist/default/production/Lab02.X.production.map \
  --md=C:\Users\USUARIO\AppData\Local\Temp\xcAse48.dat -E1 \
  -ver=XC8 Compiler --acfsm=1493 -ACODE=00h-07FFhx4 -ASTRCODE=00h-01FFFh \
  -ASTRING=00h-0FFhx32 -ACONST=00h-0FFhx32 -AENTRY=00h-0FFhx32 \
  -ACOMMON=070h-07Fh -ABANK0=020h-06Fh -ABANK1=0A0h-0EFh \
  -ABANK2=0110h-016Fh -ABANK3=0190h-01EFh \
  -ARAM=020h-06Fh,0A0h-0EFh,0110h-016Fh,0190h-01EFh \
  -AABS1=020h-07Fh,0A0h-0EFh,0110h-016Fh,0190h-01EFh -ASFR0=00h-01Fh \
  -ASFR1=080h-09Fh -ASFR2=0100h-010Fh -ASFR3=0180h-018Fh \
  -ACONFIG=02007h-02008h -DCONFIG=2 -AIDLOC=02000h-02003h -DIDLOC=2 \
  -AEEDATA=00h-0FFh/02100h -peeprom_data=EEDATA -DEEDATA=2 -DCODE=2 \
  -DSTRCODE=2 -DSTRING=2 -DCONST=2 -DENTRY=2 \
  -preset_vec=00h,intentry=04h,init,end_init -ppowerup=CODE -pcinit=CODE \
  -pfunctab=ENTRY -k C:\Users\USUARIO\AppData\Local\Temp\xcAse48.o \
  dist/default/production\Lab02.X.production.o 

Object code version is 3.11

Machine type is 16F887



                Name                               Link     Load   Length Selector   Space Scale
C:\Users\USUARIO\AppData\Local\Temp\xcAse48.o
                end_init                              C        C        3        8       0
                reset_vec                             0        0        3        0       0
                config                             2007     2007        2        0       4
                idloc                              2000     2000        4        0       5
dist/default/production\Lab02.X.production.o
                cinit                                 F        F       13        8       0
                intentry                              4        4        8        8       0
                config                             2007     2007        2        0       4
                idloc                              2000     2000        4        0       5
                text37                             1A2A     1A2A        6     3454       0
                text36                             1A26     1A26        4     344C       0
                text35                             1C5B     1C5B       47     38B6       0
                text34                              801      801        6     1002       0
                text33                             1A3D     1A3D       1A     347A       0
                text32                             1A30     1A30        D     3460       0
                text31                             1E95     1E95       5F     3D2A       0
                text30                             1A71     1A71       26     34E2       0
                text29                             1A57     1A57       1A     34AE       0
                text28                             1BCF     1BCF       46     379E       0
                text27                             1B8E     1B8E       41     371C       0
                text26                             1D8E     1D8E       56     3B1C       0
                text25                             1CA2     1CA2       4C     3944       0
                text24                             1B51     1B51       3D     36A2       0
                text23                             1AC0     1AC0       2A     3580       0
                text22                             1CEE     1CEE       50     39DC       0
                text21                             1F5C     1F5C       A4     3EB8       0
                text20                              7F5      7F5        B        8       0
                text19                             1578     1578      288     2AF0       0
                text18                             1D3E     1D3E       50     3A7C       0
                text17                             10B8     10B8       7C     2170       0
                text16                             1EF4     1EF4       68     3DE8       0
                text15                             1DE4     1DE4       56     3BC8       0
                text14                             1AEA     1AEA       2B     35D4       0
                text13                             1134     1134       BC     2268       0
                text12                             12AD     12AD       BE     255A       0
                text11                             11F0     11F0       BD     23E0       0
                text10                             1A97     1A97       29     352E       0
                text9                               93C      93C      361     1278       0
                text8                              1C15     1C15       46     382A       0
                text7                              1B15     1B15       3C     362A       0
                text6                              136B     136B      20D     26D6       0
                text5                               807      807       12     100E       0
                text4                               78C      78C       69        8       0
                text3                              1E3A     1E3A       5B     3C74       0
                text2                               C9D      C9D      363     193A       0
                text1                                22       22      76A        8       0
                maintext                            819      819      123     1032       0
                cstackBANK0                          20       20       4D       20       1
                cstackCOMMON                         70       70        8       70       1
                cstackBANK1                          A0       A0       2F       A0       1
                clrtext                            10B0     10B0        8     2160       0
                bssBANK1                             CF       CF       16       A0       1
                bssBANK0                             6D       6D        1       20       1
                bssCOMMON                            78       78        3       70       1
                strings                            1000     1000       AF     2000       0

TOTAL           Name                               Link     Load   Length     Space
        CLASS   CODE           
                end_init                              C        C        3         0
                cinit                                 F        F       13         0
                intentry                              4        4        8         0
                reset_vec                             0        0        3         0
                text37                             1A2A     1A2A        6         0
                text36                             1A26     1A26        4         0
                text35                             1C5B     1C5B       47         0
                text34                              801      801        6         0
                text33                             1A3D     1A3D       1A         0
                text32                             1A30     1A30        D         0
                text31                             1E95     1E95       5F         0
                text30                             1A71     1A71       26         0
                text29                             1A57     1A57       1A         0
                text28                             1BCF     1BCF       46         0
                text27                             1B8E     1B8E       41         0
                text26                             1D8E     1D8E       56         0
                text25                             1CA2     1CA2       4C         0
                text24                             1B51     1B51       3D         0
                text23                             1AC0     1AC0       2A         0
                text22                             1CEE     1CEE       50         0
                text21                             1F5C     1F5C       A4         0
                text20                              7F5      7F5        B         0
                text19                             1578     1578      288         0
                text18                             1D3E     1D3E       50         0
                text17                             10B8     10B8       7C         0
                text16                             1EF4     1EF4       68         0
                text15                             1DE4     1DE4       56         0
                text14                             1AEA     1AEA       2B         0
                text13                             1134     1134       BC         0
                text12                             12AD     12AD       BE         0
                text11                             11F0     11F0       BD         0
                text10                             1A97     1A97       29         0
                text9                               93C      93C      361         0
                text8                              1C15     1C15       46         0
                text7                              1B15     1B15       3C         0
                text6                              136B     136B      20D         0
                text5                               807      807       12         0
                text4                               78C      78C       69         0
                text3                              1E3A     1E3A       5B         0
                text2                               C9D      C9D      363         0
                text1                                22       22      76A         0
                maintext                            819      819      123         0
                clrtext                            10B0     10B0        8         0

        CLASS   STRCODE        

        CLASS   STRING         
                strings                            1000     1000       AF         0

        CLASS   CONST          

        CLASS   ENTRY          

        CLASS   COMMON         
                cstackCOMMON                         70       70        8         1
                bssCOMMON                            78       78        3         1

        CLASS   BANK0          
                cstackBANK0                          20       20       4D         1
                bssBANK0                             6D       6D        1         1

        CLASS   BANK1          
                cstackBANK1                          A0       A0       2F         1
                bssBANK1                             CF       CF       16         1

        CLASS   BANK2          

        CLASS   BANK3          

        CLASS   RAM            

        CLASS   ABS1           
                abs_s1                               7E       7E        2         1

        CLASS   SFR0           

        CLASS   SFR1           

        CLASS   SFR2           

        CLASS   SFR3           

        CLASS   CONFIG         
                config                             2007     2007        2         4

        CLASS   IDLOC          
                idloc                              2000     2000        4         5

        CLASS   EEDATA         

        CLASS   STACK          



SEGMENTS        Name                           Load    Length   Top    Selector   Space  Class     Delta

                reset_vec                      000000  000003  000003         0       0  CODE        2
                intentry                       000004  0007FC  000800         8       0  CODE        2
                cstackBANK0                    000020  00004E  00006E        20       1  BANK0       1
                cstackCOMMON                   000070  00000B  00007B        70       1  COMMON      1
                cstackBANK1                    0000A0  000045  0000E5        A0       1  BANK1       1
                text34                         000801  000006  000807      1002       0  CODE        2
                text5                          000807  000012  000819      100E       0  CODE        2
                maintext                       000819  000123  00093C      1032       0  CODE        2
                text9                          00093C  000361  000C9D      1278       0  CODE        2
                text2                          000C9D  000363  001000      193A       0  CODE        2
                strings                        001000  0000AF  0010AF      2000       0  STRING      2
                clrtext                        0010B0  000008  0010B8      2160       0  CODE        2
                text17                         0010B8  00007C  001134      2170       0  CODE        2
                text13                         001134  0000BC  0011F0      2268       0  CODE        2
                text11                         0011F0  0000BD  0012AD      23E0       0  CODE        2
                text12                         0012AD  0000BE  00136B      255A       0  CODE        2
                text6                          00136B  00020D  001578      26D6       0  CODE        2
                text19                         001578  000288  001800      2AF0       0  CODE        2
                text36                         001A26  000004  001A2A      344C       0  CODE        2
                text37                         001A2A  000006  001A30      3454       0  CODE        2
                text32                         001A30  00000D  001A3D      3460       0  CODE        2
                text33                         001A3D  00001A  001A57      347A       0  CODE        2
                text29                         001A57  00001A  001A71      34AE       0  CODE        2
                text30                         001A71  000026  001A97      34E2       0  CODE        2
                text10                         001A97  000029  001AC0      352E       0  CODE        2
                text23                         001AC0  00002A  001AEA      3580       0  CODE        2
                text14                         001AEA  00002B  001B15      35D4       0  CODE        2
                text7                          001B15  00003C  001B51      362A       0  CODE        2
                text24                         001B51  00003D  001B8E      36A2       0  CODE        2
                text27                         001B8E  000041  001BCF      371C       0  CODE        2
                text28                         001BCF  000046  001C15      379E       0  CODE        2
                text8                          001C15  000046  001C5B      382A       0  CODE        2
                text35                         001C5B  000047  001CA2      38B6       0  CODE        2
                text25                         001CA2  00004C  001CEE      3944       0  CODE        2
                text22                         001CEE  000050  001D3E      39DC       0  CODE        2
                text18                         001D3E  000050  001D8E      3A7C       0  CODE        2
                text26                         001D8E  000056  001DE4      3B1C       0  CODE        2
                text15                         001DE4  000056  001E3A      3BC8       0  CODE        2
                text3                          001E3A  00005B  001E95      3C74       0  CODE        2
                text31                         001E95  00005F  001EF4      3D2A       0  CODE        2
                text16                         001EF4  000068  001F5C      3DE8       0  CODE        2
                text21                         001F5C  0000A4  002000      3EB8       0  CODE        2


UNUSED ADDRESS RANGES

        Name                Unused          Largest block    Delta
        BANK0            006E-006F              2           1
        BANK1            00E5-00EF              B           1
        BANK2            0110-016F             60           1
        BANK3            0190-01EF             60           1
        CODE             0003-0003              1           2
                         0800-0800              1
                         10AF-10AF              1
                         1800-1A25            226
        COMMON           007B-007D              3           1
        CONST            0003-0003              1           2
                         0800-0800              1
                         10AF-10AF              1
                         1800-1A25            100
        EEDATA           2100-21FF            100           2
        ENTRY            0003-0003              1           2
                         0800-0800              1
                         10AF-10AF              1
                         1800-1A25            100
        RAM              006E-006F              2           1
                         00E5-00EF              B
                         0110-016F             60
                         0190-01EF             60
        SFR0             0000-001F             20           1
        SFR1             0080-009F             20           1
        SFR2             0100-010F             10           1
        SFR3             0180-018F             10           1
        STRCODE          0003-0003              1           2
                         0800-0800              1
                         10AF-10AF              1
                         1800-1A25            226
        STRING           0003-0003              1           2
                         0800-0800              1
                         10AF-10AF              1
                         1800-1A25            100

                                  Symbol Table

?__Umul8_16               cstackCOMMON 0073
?___awdiv                 cstackBANK0  0022
?___awmod                 cstackCOMMON 0073
?___fladd                 cstackBANK0  0059
?___flmul                 cstackBANK0  002B
?___flneg                 cstackCOMMON 0073
?___flsub                 cstackBANK1  00A0
?___fltol                 cstackBANK0  0058
?___lldiv                 cstackBANK0  0020
?___llmod                 cstackBANK0  0020
?___lwdiv                 cstackBANK0  0021
?___lwmod                 cstackCOMMON 0073
?___wmul                  cstackCOMMON 0073
?___xxtofl                cstackCOMMON 0073
?__div_to_l_              cstackBANK0  0020
?__tdiv_to_l_             cstackBANK0  0020
?_fround                  cstackBANK0  0045
?_scale                   cstackBANK0  0045
?_sprintf                 cstackBANK1  00A8
Lcd_Cmd@a                 cstackCOMMON 0076
Lcd_Port@a                cstackCOMMON 0073
Lcd_Set_Cursor@a          cstackBANK0  0021
Lcd_Set_Cursor@b          cstackCOMMON 0077
Lcd_Set_Cursor@c          cstackBANK0  0022
Lcd_Write_Char@a          cstackCOMMON 0076
Lcd_Write_String@a        cstackBANK0  0020
Lcd_Write_String@i        cstackBANK0  0025
TMR0_init@prescaler_VALUE cstackCOMMON 0075
_ADCON0bits               (abs)        001F
_ADCON1bits               (abs)        009F
_ADRESH                   (abs)        001E
_ANSEL                    (abs)        0188
_ANSELH                   (abs)        0189
_INTCONbits               (abs)        000B
_Lcd_Clear                text32       1A30
_Lcd_Cmd                  text33       1A3D
_Lcd_Init                 text31       1E95
_Lcd_Port                 text34       0801
_Lcd_Set_Cursor           text30       1A71
_Lcd_Write_Char           text29       1A57
_Lcd_Write_String         text28       1BCF
_OPTION_REGbits           (abs)        0081
_OSCCONbits               (abs)        008F
_PIE1bits                 (abs)        008C
_PIR1bits                 (abs)        000C
_PORTA                    (abs)        0005
_PORTB                    (abs)        0006
_PORTBbits                (abs)        0006
_PORTC                    (abs)        0007
_PORTD                    (abs)        0008
_PORTE                    (abs)        0009
_POT_01                   bssBANK1     00DF
_POT_02                   bssBANK1     00DE
_TMR0                     (abs)        0001
_TMR0_CARGA               text37       1A2A
_TMR0_init                text26       1D8E
_TRISA                    (abs)        0085
_TRISB                    (abs)        0086
_TRISC                    (abs)        0087
_TRISD                    (abs)        0088
_TRISE                    (abs)        0089
_VOTAJE_01                bssBANK1     00D8
_VOTAJE_02                bssBANK1     00D4
_VOTAJE_L01               bssBANK1     00E0
__Habs1                   abs1         0000
__Hbank0                  bank0        0000
__Hbank1                  bank1        0000
__Hbank2                  bank2        0000
__Hbank3                  bank3        0000
__HbssBANK0               bssBANK0     0000
__HbssBANK1               bssBANK1     0000
__HbssCOMMON              bssCOMMON    0000
__Hcinit                  cinit        0022
__Hclrtext                clrtext      0000
__Hcode                   code         0000
__Hcommon                 common       0000
__Hconfig                 config       2009
__HcstackBANK0            cstackBANK0  0000
__HcstackBANK1            cstackBANK1  0000
__HcstackCOMMON           cstackCOMMON 0000
__Heeprom_data            eeprom_data  0000
__Hend_init               end_init     000F
__Hfunctab                functab      0000
__Hidloc                  idloc        2004
__Hinit                   init         000C
__Hintentry               intentry     000C
__Hmaintext               maintext     0000
__Hpowerup                powerup      0000
__Hram                    ram          0000
__Hreset_vec              reset_vec    0003
__Hsfr0                   sfr0         0000
__Hsfr1                   sfr1         0000
__Hsfr2                   sfr2         0000
__Hsfr3                   sfr3         0000
__Hspace_0                (abs)        2000
__Hspace_1                (abs)        00E5
__Hspace_2                (abs)        0000
__Hspace_3                (abs)        0000
__Hspace_4                (abs)        4010
__Hstack                  stack        0000
__Hstrings                strings      0000
__Htext                   text         0000
__Labs1                   abs1         0000
__Lbank0                  bank0        0000
__Lbank1                  bank1        0000
__Lbank2                  bank2        0000
__Lbank3                  bank3        0000
__LbssBANK0               bssBANK0     0000
__LbssBANK1               bssBANK1     0000
__LbssCOMMON              bssCOMMON    0000
__Lcinit                  cinit        000F
__Lclrtext                clrtext      0000
__Lcode                   code         0000
__Lcommon                 common       0000
__Lconfig                 config       0000
__LcstackBANK0            cstackBANK0  0000
__LcstackBANK1            cstackBANK1  0000
__LcstackCOMMON           cstackCOMMON 0000
__Leeprom_data            eeprom_data  0000
__Lend_init               end_init     000C
__Lfunctab                functab      0000
__Lidloc                  idloc        0000
__Linit                   init         000C
__Lintentry               intentry     0004
__Lmaintext               maintext     0000
__Lpowerup                powerup      0000
__Lram                    ram          0000
__Lreset_vec              reset_vec    0000
__Lsfr0                   sfr0         0000
__Lsfr1                   sfr1         0000
__Lsfr2                   sfr2         0000
__Lsfr3                   sfr3         0000
__Lspace_0                (abs)        0000
__Lspace_1                (abs)        0000
__Lspace_2                (abs)        0000
__Lspace_3                (abs)        0000
__Lspace_4                (abs)        0000
__Lstack                  stack        0000
__Lstrings                strings      0000
__Ltext                   text         0000
__S0                      (abs)        2000
__S1                      (abs)        00E5
__S3                      (abs)        0000
__Umul8_16                text10       1A97
__Umul8_16@multiplicand   cstackCOMMON 0073
__Umul8_16@multiplier     cstackBANK0  0024
__Umul8_16@product        cstackBANK0  0020
__Umul8_16@word_mpld      cstackBANK0  0022
___awdiv                  text4        078C
___awdiv@counter          cstackBANK0  0027
___awdiv@dividend         cstackBANK0  0024
___awdiv@divisor          cstackBANK0  0022
___awdiv@quotient         cstackBANK0  0029
___awdiv@sign             cstackBANK0  0028
___awmod                  text3        1E3A
___awmod@counter          cstackBANK0  0020
___awmod@dividend         cstackCOMMON 0075
___awmod@divisor          cstackCOMMON 0073
___awmod@sign             cstackBANK0  0021
___fladd                  text19       1578
___fladd@a                cstackBANK0  005D
___fladd@aexp             cstackBANK0  006A
___fladd@b                cstackBANK0  0059
___fladd@bexp             cstackBANK0  006B
___fladd@grs              cstackBANK0  006C
___fladd@signs            cstackBANK0  0069
___fleq                   text22       1CEE
___fleq@ff1               cstackBANK0  0020
___fleq@ff2               cstackBANK0  0024
___flge                   text21       1F5C
___flge@ff1               cstackBANK0  0020
___flge@ff2               cstackBANK0  0024
___flmul                  text9        093C
___flmul@a                cstackBANK0  002F
___flmul@aexp             cstackBANK0  003D
___flmul@b                cstackBANK0  002B
___flmul@bexp             cstackBANK0  003E
___flmul@grs              cstackBANK0  0039
___flmul@prod             cstackBANK0  003F
___flmul@sign             cstackBANK0  0038
___flmul@temp             cstackBANK0  0043
___flneg                  text20       07F5
___flneg@f1               cstackCOMMON 0073
___flsub                  text18       1D3E
___flsub@a                cstackBANK1  00A0
___flsub@b                cstackBANK1  00A4
___fltol                  text17       10B8
___fltol@exp1             cstackBANK0  0062
___fltol@f1               cstackBANK0  0058
___fltol@sign1            cstackBANK0  0061
___int_sp                 stack        0000
___latbits                (abs)        0002
___lldiv                  text16       1EF4
___lldiv@counter          cstackBANK0  002C
___lldiv@dividend         cstackBANK0  0024
___lldiv@divisor          cstackBANK0  0020
___lldiv@quotient         cstackBANK0  0028
___llmod                  text15       1DE4
___llmod@counter          cstackCOMMON 0074
___llmod@dividend         cstackBANK0  0024
___llmod@divisor          cstackBANK0  0020
___lwdiv                  text8        1C15
___lwdiv@counter          cstackBANK0  0026
___lwdiv@dividend         cstackBANK0  0023
___lwdiv@divisor          cstackBANK0  0021
___lwdiv@quotient         cstackBANK0  0027
___lwmod                  text7        1B15
___lwmod@counter          cstackBANK0  0020
___lwmod@dividend         cstackCOMMON 0075
___lwmod@divisor          cstackCOMMON 0073
___sp                     stack        0000
___stackhi                (abs)        0000
___stacklo                (abs)        0000
___wmul                   text14       1AEA
___wmul@multiplicand      cstackCOMMON 0075
___wmul@multiplier        cstackCOMMON 0073
___wmul@product           cstackBANK0  0020
___xxtofl                 text13       1134
___xxtofl@arg             cstackBANK0  0026
___xxtofl@exp             cstackBANK0  0025
___xxtofl@sign            cstackBANK0  0024
___xxtofl@val             cstackCOMMON 0073
__div_to_l_               text12       12AD
__div_to_l_@cntr          cstackBANK0  002C
__div_to_l_@exp1          cstackBANK0  002D
__div_to_l_@f1            cstackBANK0  0020
__div_to_l_@f2            cstackBANK0  0024
__div_to_l_@quot          cstackBANK0  0028
__end_of_Lcd_Clear        text32       1A3D
__end_of_Lcd_Cmd          text33       1A57
__end_of_Lcd_Init         text31       1EF4
__end_of_Lcd_Port         text34       0807
__end_of_Lcd_Set_Cursor   text30       1A97
__end_of_Lcd_Write_Char   text29       1A71
__end_of_Lcd_Write_String text28       1C15
__end_of_TMR0_CARGA       text37       1A30
__end_of_TMR0_init        text26       1DE4
__end_of__Umul8_16        text10       1AC0
__end_of___awdiv          text4        07F5
__end_of___awmod          text3        1E95
__end_of___fladd          text19       1800
__end_of___fleq           text22       1D3E
__end_of___flge           text21       2000
__end_of___flmul          text9        0C9D
__end_of___flneg          text20       0800
__end_of___flsub          text18       1D8E
__end_of___fltol          text17       1134
__end_of___lldiv          text16       1F5C
__end_of___llmod          text15       1E3A
__end_of___lwdiv          text8        1C5B
__end_of___lwmod          text7        1B51
__end_of___wmul           text14       1B15
__end_of___xxtofl         text13       11F0
__end_of__div_to_l_       text12       136B
__end_of__initialization  cinit        001E
__end_of__npowers_        strings      1078
__end_of__powers_         strings      1044
__end_of__stringtab       strings      1010
__end_of__tdiv_to_l_      text11       12AD
__end_of_adc_start        text27       1BCF
__end_of_dpowers          strings      10A0
__end_of_fround           text6        1578
__end_of_initADC          text25       1CEE
__end_of_initOsc          text24       1B8E
__end_of_isdigit          text5        0819
__end_of_isr              text35       1CA2
__end_of_main             maintext     093C
__end_of_read_ADC         text36       1A2A
__end_of_scale            text2        1000
__end_of_setup            text23       1AEA
__end_of_sprintf          text1        078C
__initialization          cinit        000F
__npowers_                strings      1044
__pbssBANK0               bssBANK0     006D
__pbssBANK1               bssBANK1     00CF
__pbssCOMMON              bssCOMMON    0078
__pcstackBANK0            cstackBANK0  0020
__pcstackBANK1            cstackBANK1  00A0
__pcstackCOMMON           cstackCOMMON 0070
__pintentry               intentry     0004
__pmaintext               maintext     0819
__powers_                 strings      1010
__pstrings                strings      1000
__ptext1                  text1        0022
__ptext10                 text10       1A97
__ptext11                 text11       11F0
__ptext12                 text12       12AD
__ptext13                 text13       1134
__ptext14                 text14       1AEA
__ptext15                 text15       1DE4
__ptext16                 text16       1EF4
__ptext17                 text17       10B8
__ptext18                 text18       1D3E
__ptext19                 text19       1578
__ptext2                  text2        0C9D
__ptext20                 text20       07F5
__ptext21                 text21       1F5C
__ptext22                 text22       1CEE
__ptext23                 text23       1AC0
__ptext24                 text24       1B51
__ptext25                 text25       1CA2
__ptext26                 text26       1D8E
__ptext27                 text27       1B8E
__ptext28                 text28       1BCF
__ptext29                 text29       1A57
__ptext3                  text3        1E3A
__ptext30                 text30       1A71
__ptext31                 text31       1E95
__ptext32                 text32       1A30
__ptext33                 text33       1A3D
__ptext34                 text34       0801
__ptext35                 text35       1C5B
__ptext36                 text36       1A26
__ptext37                 text37       1A2A
__ptext4                  text4        078C
__ptext5                  text5        0807
__ptext6                  text6        136B
__ptext7                  text7        1B15
__ptext8                  text8        1C15
__ptext9                  text9        093C
__stringbase              strings      100F
__stringtab               strings      1000
__tdiv_to_l_              text11       11F0
__tdiv_to_l_@cntr         cstackBANK0  002C
__tdiv_to_l_@exp1         cstackBANK0  002D
__tdiv_to_l_@f1           cstackBANK0  0020
__tdiv_to_l_@f2           cstackBANK0  0024
__tdiv_to_l_@quot         cstackBANK0  0028
_adc_start                text27       1B8E
_centenas                 bssCOMMON    0079
_change_POT               bssBANK0     006D
_counter_tmr0             bssCOMMON    0078
_decenas                  bssCOMMON    007A
_dpowers                  strings      1078
_fround                   text6        136B
_fround$1175              cstackBANK0  0054
_fround$1176              cstackBANK0  0050
_initADC                  text25       1CA2
_initOsc                  text24       1B51
_isdigit                  text5        0807
_isdigit$989              cstackCOMMON 0073
_isr                      text35       1C5B
_main                     maintext     0819
_read_ADC                 text36       1A26
_scale                    text2        0C9D
_scale$1177               cstackBANK0  0053
_setup                    text23       1AC0
_sprintf                  text1        0022
_sprintf$1178             cstackBANK1  00B2
_unidades                 bssBANK1     00DD
adc_start@channel_1       cstackCOMMON 0075
adc_start@channel_2       cstackCOMMON 0073
btemp                     (abs)        007E
clear_ram0                clrtext      10B0
end_of_initialization     cinit        001E
fround@prec               cstackBANK0  0058
initADC@adc_cs            cstackCOMMON 0077
initADC@vref_min          cstackCOMMON 0074
initADC@vref_plus         cstackCOMMON 0073
initOsc@freq              cstackCOMMON 0075
interrupt_function        intentry     0004
intlevel0                 functab      0000
intlevel1                 functab      0000
intlevel2                 functab      0000
intlevel3                 functab      0000
intlevel4                 functab      0000
intlevel5                 functab      0000
isdigit@c                 cstackCOMMON 0074
reset_vec                 reset_vec    0000
saved_w                   (abs)        007E
scale@scl                 cstackBANK0  0057
sprintf@ap                cstackBANK1  00B6
sprintf@c                 cstackBANK1  00CA
sprintf@eexp              cstackBANK1  00BD
sprintf@f                 cstackBANK1  00A8
sprintf@flag              cstackBANK1  00B7
sprintf@fval              cstackBANK1  00C6
sprintf@prec              cstackBANK1  00C4
sprintf@sp                cstackBANK1  00C3
sprintf@tmpval            cstackBANK1  00BF
sprintf@val               cstackBANK1  00B9
start                     init         000C
start_initialization      cinit        000F
wtemp0                    (abs)        007E


MODULE INFORMATION

Module		Function		Class		Link	Load	Size
C:\Program Files\Microchip\xc8\v2.35\pic\sources\c90\common\fldivl.c
		__div_to_l_    		CODE           	12AD	0000	190

C:\Program Files\Microchip\xc8\v2.35\pic\sources\c90\common\fldivl.c estimated size: 190

C:\Program Files\Microchip\xc8\v2.35\pic\sources\c90\common\awmod.c
		___awmod       		CODE           	1E3A	0000	91

C:\Program Files\Microchip\xc8\v2.35\pic\sources\c90\common\awmod.c estimated size: 91

C:\Program Files\Microchip\xc8\v2.35\pic\sources\c90\common\xxtofl.c
		___xxtofl      		CODE           	1134	0000	188

C:\Program Files\Microchip\xc8\v2.35\pic\sources\c90\common\xxtofl.c estimated size: 188

C:\Program Files\Microchip\xc8\v2.35\pic\sources\c90\common\llmod.c
		___llmod       		CODE           	1DE4	0000	86

C:\Program Files\Microchip\xc8\v2.35\pic\sources\c90\common\llmod.c estimated size: 86

C:\Program Files\Microchip\xc8\v2.35\pic\sources\c90\common\lwdiv.c
		___lwdiv       		CODE           	1C15	0000	70

C:\Program Files\Microchip\xc8\v2.35\pic\sources\c90\common\lwdiv.c estimated size: 70

C:\Program Files\Microchip\xc8\v2.35\pic\sources\c90\common\fltol.c
		___fltol       		CODE           	10B8	0000	124

C:\Program Files\Microchip\xc8\v2.35\pic\sources\c90\common\fltol.c estimated size: 124

C:\Program Files\Microchip\xc8\v2.35\pic\sources\c90\common\fleq.c
		___fleq        		CODE           	1CEE	0000	80

C:\Program Files\Microchip\xc8\v2.35\pic\sources\c90\common\fleq.c estimated size: 80

C:\Program Files\Microchip\xc8\v2.35\pic\sources\c90\common\doprnt.c
		_scale         		CODE           	0C9D	0000	867
		_sprintf       		CODE           	0022	0000	1898
		_fround        		CODE           	136B	0000	525

C:\Program Files\Microchip\xc8\v2.35\pic\sources\c90\common\doprnt.c estimated size: 3290

C:\Program Files\Microchip\xc8\v2.35\pic\sources\c90\common\awdiv.c
		___awdiv       		CODE           	078C	0000	105

C:\Program Files\Microchip\xc8\v2.35\pic\sources\c90\common\awdiv.c estimated size: 105

C:\Program Files\Microchip\xc8\v2.35\pic\sources\c90\common\sprcmul.c
		___flmul       		CODE           	093C	0000	865

C:\Program Files\Microchip\xc8\v2.35\pic\sources\c90\common\sprcmul.c estimated size: 865

Oscilador.c
		_initOsc       		CODE           	1B51	0000	61

Oscilador.c estimated size: 61

Lab02.c
		_main          		CODE           	0819	0000	291
		_isr           		CODE           	1C5B	0000	71
		_setup         		CODE           	1AC0	0000	42

Lab02.c estimated size: 404

C:\Program Files\Microchip\xc8\v2.35\pic\sources\c90\common\__lldiv.c
		___lldiv       		CODE           	1EF4	0000	104

C:\Program Files\Microchip\xc8\v2.35\pic\sources\c90\common\__lldiv.c estimated size: 104

C:\Program Files\Microchip\xc8\v2.35\pic\sources\c90\common\flneg.c
		___flneg       		CODE           	07F5	0000	11

C:\Program Files\Microchip\xc8\v2.35\pic\sources\c90\common\flneg.c estimated size: 11

TMR0.c
		_TMR0_CARGA    		CODE           	1A2A	0000	6
		_TMR0_init     		CODE           	1D8E	0000	86

TMR0.c estimated size: 92

shared
		__stringtab    		STRING         	1000	0000	16
		__powers_      		STRING         	1010	0000	52
		_dpowers       		STRING         	1078	0000	40
		__npowers_     		STRING         	1044	0000	52
		__initialization		CODE           	000F	0000	15

shared estimated size: 175

C:\Program Files\Microchip\xc8\v2.35\pic\sources\c90\common\ftdivl.c
		__tdiv_to_l_   		CODE           	11F0	0000	189

C:\Program Files\Microchip\xc8\v2.35\pic\sources\c90\common\ftdivl.c estimated size: 189

ADC.c
		_adc_start     		CODE           	1B8E	0000	65
		_initADC       		CODE           	1CA2	0000	76
		_read_ADC      		CODE           	1A26	0000	4

ADC.c estimated size: 145

C:\Program Files\Microchip\xc8\v2.35\pic\sources\c90\common\Umul16.c
		___wmul        		CODE           	1AEA	0000	43

C:\Program Files\Microchip\xc8\v2.35\pic\sources\c90\common\Umul16.c estimated size: 43

C:\Program Files\Microchip\xc8\v2.35\pic\sources\c90\common\Umul8_16.c
		__Umul8_16     		CODE           	1A97	0000	41

C:\Program Files\Microchip\xc8\v2.35\pic\sources\c90\common\Umul8_16.c estimated size: 41

C:\Program Files\Microchip\xc8\v2.35\pic\sources\c90\common\flge.c
		___flge        		CODE           	1F5C	0000	164

C:\Program Files\Microchip\xc8\v2.35\pic\sources\c90\common\flge.c estimated size: 164

C:\Program Files\Microchip\xc8\v2.35\pic\sources\c90\common\lwmod.c
		___lwmod       		CODE           	1B15	0000	60

C:\Program Files\Microchip\xc8\v2.35\pic\sources\c90\common\lwmod.c estimated size: 60

C:\Program Files\Microchip\xc8\v2.35\pic\sources\c90\common\isdigit.c
		_isdigit       		CODE           	0807	0000	18

C:\Program Files\Microchip\xc8\v2.35\pic\sources\c90\common\isdigit.c estimated size: 18

C:\Program Files\Microchip\xc8\v2.35\pic\sources\c90\common\sprcadd.c
		___flsub       		CODE           	1D3E	0000	80
		___fladd       		CODE           	1578	0000	648

C:\Program Files\Microchip\xc8\v2.35\pic\sources\c90\common\sprcadd.c estimated size: 728

LCD.c
		_Lcd_Write_String		CODE           	1BCF	0000	70
		_Lcd_Init      		CODE           	1E95	0000	95
		_Lcd_Write_Char		CODE           	1A57	0000	26
		_Lcd_Cmd       		CODE           	1A3D	0000	26
		_Lcd_Set_Cursor		CODE           	1A71	0000	38
		_Lcd_Clear     		CODE           	1A30	0000	13
		_Lcd_Port      		CODE           	0801	0000	6

LCD.c estimated size: 274

